2026-01-13 08:54:20,981 INFO Log path: /Users/gabrielsaco/Documents/GitHub/sfa_ciup/logs/load_and_profile_20260113_085420.log
2026-01-13 08:54:21,012 INFO Profile 01_CAP100A_01.csv | rows=39153 cols=30 keys=['ANIO', 'CCDD', 'CCPP', 'CCDI', 'NSEGM', 'ID_PROD', 'UA'] dup_keys=0 crop_id= dup_keys_crop=None
2026-01-13 08:54:21,014 INFO Profile 01_CAP100A_02.csv | rows=170 cols=13 keys=['ANIO', 'NSEGM', 'ID_PROD', 'UA'] dup_keys=59 crop_id= dup_keys_crop=None
2026-01-13 08:54:21,141 INFO Profile 01_CAP100A_03.csv | rows=136171 cols=45 keys=['ANIO', 'CCDD', 'CCPP', 'CCDI', 'NSEGM', 'ID_PROD', 'UA'] dup_keys=97043 crop_id= dup_keys_crop=None
2026-01-13 08:54:21,534 INFO Profile 01_CAP100A_04.csv | rows=426505 cols=38 keys=['ANIO', 'CCDD', 'CCPP', 'CCDI', 'NSEGM', 'ID_PROD', 'UA'] dup_keys=387395 crop_id=P115_COD dup_keys_crop=173293
2026-01-13 08:54:21,557 INFO Profile CARATULA.csv | rows=40237 cols=17 keys=['ANIO', 'CCDD', 'CCPP', 'CCDI', 'NSEGM', 'ID_PROD', 'UA'] dup_keys=0 crop_id= dup_keys_crop=None
2026-01-13 08:54:21,960 INFO Profile USOSTIERRA.csv | rows=426505 cols=40 keys=['ANIO', 'CCDD', 'CCPP', 'CCDI', 'NSEGM', 'ID_PROD', 'UA'] dup_keys=387395 crop_id=P115_COD dup_keys_crop=173293
2026-01-13 08:54:21,996 INFO Profile 02_CAP100B_01.csv | rows=39153 cols=55 keys=['ANIO', 'CCDD', 'CCPP', 'CCDI', 'NSEGM', 'ID_PROD', 'UA'] dup_keys=0 crop_id= dup_keys_crop=None
2026-01-13 08:54:22,120 INFO Profile 02_CAP100B_02.csv | rows=136581 cols=50 keys=['ANIO', 'CCDD', 'CCPP', 'CCDI', 'NSEGM', 'ID_PROD', 'UA'] dup_keys=97490 crop_id= dup_keys_crop=None
2026-01-13 08:54:22,212 INFO Profile 03_CAP200A.csv | rows=115517 cols=29 keys=['ANIO', 'CCDD', 'CCPP', 'CCDI', 'NSEGM', 'ID_PROD', 'UA'] dup_keys=101046 crop_id=P204_COD dup_keys_crop=94070
2026-01-13 08:54:22,518 INFO Profile 03_CAP200AB.csv | rows=165711 cols=127 keys=['ANIO', 'CCDD', 'CCPP', 'CCDI', 'NSEGM', 'ID_PROD', 'UA'] dup_keys=130524 crop_id=P204_COD dup_keys_crop=43576
2026-01-13 08:54:22,524 INFO Profile 04_CAP200B_1.csv | rows=5041 cols=33 keys=['ANIO', 'CCDD', 'CCPP', 'CCDI', 'NSEGM', 'ID_PROD', 'UA'] dup_keys=1761 crop_id= dup_keys_crop=None
2026-01-13 08:54:22,545 INFO Profile 05_CAP200C.csv | rows=21959 cols=39 keys=['ANIO', 'CCDD', 'CCPP', 'CCDI', 'NSEGM', 'ID_PROD', 'UA'] dup_keys=10800 crop_id=P229C_COD dup_keys_crop=0
2026-01-13 08:54:22,557 INFO Profile 06_CAP200D.csv | rows=9836 cols=39 keys=['ANIO', 'CCDD', 'CCPP', 'CCDI', 'NSEGM', 'ID_PROD', 'UA'] dup_keys=1399 crop_id=P229G_COD dup_keys_crop=2
2026-01-13 08:54:22,688 INFO Profile 07_CAP200E.csv | rows=122132 cols=54 keys=['ANIO', 'CCDD', 'CCPP', 'CCDI', 'NSEGM', 'ID_PROD', 'UA'] dup_keys=86947 crop_id=P234_COD dup_keys_crop=1
2026-01-13 08:54:22,753 INFO Profile 08_CAP300AB.csv | rows=38733 cols=111 keys=['ANIO', 'CCDD', 'CCPP', 'CCDI', 'NSEGM', 'ID_PROD', 'UA'] dup_keys=0 crop_id= dup_keys_crop=None
2026-01-13 08:54:22,827 INFO Profile 09_CAP400A.csv | rows=99919 cols=37 keys=['ANIO', 'CCDD', 'CCPP', 'CCDI', 'NSEGM', 'ID_PROD', 'UA'] dup_keys=60805 crop_id= dup_keys_crop=None
2026-01-13 08:54:22,939 INFO Profile 10_CAP400A_1.csv | rows=93441 cols=81 keys=['ANIO', 'CCDD', 'CCPP', 'CCDI', 'NSEGM', 'ID_PROD', 'UA'] dup_keys=54322 crop_id= dup_keys_crop=None
2026-01-13 08:54:22,993 INFO Profile 10_CAP400A_2.csv | rows=63694 cols=49 keys=['ANIO', 'CCDD', 'CCPP', 'CCDI', 'NSEGM', 'ID_PROD', 'UA'] dup_keys=36085 crop_id= dup_keys_crop=None
2026-01-13 08:54:22,996 INFO Profile 10_CAP400A_3.csv | rows=705 cols=28 keys=['ANIO', 'NSEGM', 'ID_PROD', 'UA'] dup_keys=136 crop_id= dup_keys_crop=None
2026-01-13 08:54:23,026 INFO Profile 11_CAP400B.csv | rows=32414 cols=46 keys=['ANIO', 'CCDD', 'CCPP', 'CCDI', 'NSEGM', 'ID_PROD', 'UA'] dup_keys=6701 crop_id= dup_keys_crop=None
2026-01-13 08:54:23,036 INFO Profile 12_CAP400C.csv | rows=7179 cols=37 keys=['ANIO', 'CCDD', 'CCPP', 'CCDI', 'NSEGM', 'ID_PROD', 'UA'] dup_keys=527 crop_id=P419_COD dup_keys_crop=5
2026-01-13 08:54:23,079 INFO Profile 13_CAP500AB.csv | rows=27625 cols=111 keys=['ANIO', 'CCDD', 'CCPP', 'CCDI', 'NSEGM', 'ID_PROD', 'UA'] dup_keys=0 crop_id= dup_keys_crop=None
2026-01-13 08:54:23,117 INFO Profile 14_CAP600.csv | rows=39112 cols=61 keys=['ANIO', 'CCDD', 'CCPP', 'CCDI', 'NSEGM', 'ID_PROD', 'UA'] dup_keys=0 crop_id= dup_keys_crop=None
2026-01-13 08:54:23,259 INFO Profile 15_CAP700.csv | rows=39112 cols=393 keys=['ANIO', 'CCDD', 'CCPP', 'CCDI', 'NSEGM', 'ID_PROD', 'UA'] dup_keys=0 crop_id= dup_keys_crop=None
2026-01-13 08:54:23,304 INFO Profile 16_CAP800.csv | rows=39112 cols=102 keys=['ANIO', 'CCDD', 'CCPP', 'CCDI', 'NSEGM', 'ID_PROD', 'UA'] dup_keys=0 crop_id= dup_keys_crop=None
2026-01-13 08:54:23,336 INFO Profile 17_CAP900.csv | rows=39112 cols=54 keys=['ANIO', 'CCDD', 'CCPP', 'CCDI', 'NSEGM', 'ID_PROD', 'UA'] dup_keys=0 crop_id= dup_keys_crop=None
2026-01-13 08:54:23,379 INFO Profile 18_CAP1000.csv | rows=39112 cols=69 keys=['ANIO', 'CCDD', 'CCPP', 'CCDI', 'NSEGM', 'ID_PROD', 'UA'] dup_keys=0 crop_id= dup_keys_crop=None
2026-01-13 08:54:23,446 INFO Profile 19_CAP1100.csv | rows=101707 cols=36 keys=['ANIO', 'CCDD', 'CCPP', 'CCDI', 'NSEGM', 'ID_PROD', 'UA'] dup_keys=64193 crop_id= dup_keys_crop=None
2026-01-13 08:54:23,504 INFO Profile 20_CAP1200A_IS.csv | rows=75993 cols=31 keys=['ANIO', 'CCDD', 'CCPP', 'CCDI', 'NSEGM', 'ID_PROD', 'UA'] dup_keys=48734 crop_id=P1202_COD dup_keys_crop=17909
2026-01-13 08:54:23,535 INFO Profile 21_CAP1200B_ME.csv | rows=49289 cols=25 keys=['ANIO', 'CCDD', 'CCPP', 'CCDI', 'NSEGM', 'ID_PROD', 'UA'] dup_keys=23089 crop_id=P1207_COD dup_keys_crop=9
2026-01-13 08:54:23,542 INFO Wrote module profile: /Users/gabrielsaco/Documents/GitHub/sfa_ciup/data/intermediate/module_profile.csv
2026-01-13 08:54:23,568 INFO CARATULA rows=40237 cols=17
2026-01-13 08:54:23,571 INFO CARATULA missing keys: {'ANIO': 0.0, 'CCDD': 0.04309466411511793, 'CCPP': 0.04309466411511793, 'CCDI': 0.04309466411511793, 'NSEGM': 0.0, 'ID_PROD': 0.0, 'UA': 0.0}
2026-01-13 08:54:23,571 INFO CARATULA duplicate keys (ANIO+CCDD+CCPP+CCDI+NSEGM+ID_PROD+UA): 0
2026-01-13 08:54:23,614 INFO Wrote /Users/gabrielsaco/Documents/GitHub/sfa_ciup/data/intermediate/ena2024_raw.parquet
