Running pipeline at 2026-01-13T09:28:50-05:00
Wrote /Users/gabrielsaco/Documents/GitHub/sfa_ciup/docs/REPO_INVENTORY.md
Wrote /Users/gabrielsaco/Documents/GitHub/sfa_ciup/data/intermediate/raw_manifest.csv
Data files scanned: 74
Log path: /Users/gabrielsaco/Documents/GitHub/sfa_ciup/logs/load_and_profile_20260113_092901.log
Profile 01_CAP100A_01.csv | rows=39153 cols=30 keys=['ANIO', 'CCDD', 'CCPP', 'CCDI', 'NSEGM', 'ID_PROD', 'UA'] dup_keys=0 crop_id= dup_keys_crop=None
Profile 01_CAP100A_02.csv | rows=170 cols=13 keys=['ANIO', 'NSEGM', 'ID_PROD', 'UA'] dup_keys=59 crop_id= dup_keys_crop=None
Profile 01_CAP100A_03.csv | rows=136171 cols=45 keys=['ANIO', 'CCDD', 'CCPP', 'CCDI', 'NSEGM', 'ID_PROD', 'UA'] dup_keys=97043 crop_id= dup_keys_crop=None
Profile 01_CAP100A_04.csv | rows=426505 cols=38 keys=['ANIO', 'CCDD', 'CCPP', 'CCDI', 'NSEGM', 'ID_PROD', 'UA'] dup_keys=387395 crop_id=P115_COD dup_keys_crop=173293
Profile CARATULA.csv | rows=40237 cols=17 keys=['ANIO', 'CCDD', 'CCPP', 'CCDI', 'NSEGM', 'ID_PROD', 'UA'] dup_keys=0 crop_id= dup_keys_crop=None
Profile USOSTIERRA.csv | rows=426505 cols=40 keys=['ANIO', 'CCDD', 'CCPP', 'CCDI', 'NSEGM', 'ID_PROD', 'UA'] dup_keys=387395 crop_id=P115_COD dup_keys_crop=173293
Profile 02_CAP100B_01.csv | rows=39153 cols=55 keys=['ANIO', 'CCDD', 'CCPP', 'CCDI', 'NSEGM', 'ID_PROD', 'UA'] dup_keys=0 crop_id= dup_keys_crop=None
Profile 02_CAP100B_02.csv | rows=136581 cols=50 keys=['ANIO', 'CCDD', 'CCPP', 'CCDI', 'NSEGM', 'ID_PROD', 'UA'] dup_keys=97490 crop_id= dup_keys_crop=None
Profile 03_CAP200A.csv | rows=115517 cols=29 keys=['ANIO', 'CCDD', 'CCPP', 'CCDI', 'NSEGM', 'ID_PROD', 'UA'] dup_keys=101046 crop_id=P204_COD dup_keys_crop=94070
Profile 03_CAP200AB.csv | rows=165711 cols=127 keys=['ANIO', 'CCDD', 'CCPP', 'CCDI', 'NSEGM', 'ID_PROD', 'UA'] dup_keys=130524 crop_id=P204_COD dup_keys_crop=43576
Profile 04_CAP200B_1.csv | rows=5041 cols=33 keys=['ANIO', 'CCDD', 'CCPP', 'CCDI', 'NSEGM', 'ID_PROD', 'UA'] dup_keys=1761 crop_id= dup_keys_crop=None
Profile 05_CAP200C.csv | rows=21959 cols=39 keys=['ANIO', 'CCDD', 'CCPP', 'CCDI', 'NSEGM', 'ID_PROD', 'UA'] dup_keys=10800 crop_id=P229C_COD dup_keys_crop=0
Profile 06_CAP200D.csv | rows=9836 cols=39 keys=['ANIO', 'CCDD', 'CCPP', 'CCDI', 'NSEGM', 'ID_PROD', 'UA'] dup_keys=1399 crop_id=P229G_COD dup_keys_crop=2
Profile 07_CAP200E.csv | rows=122132 cols=54 keys=['ANIO', 'CCDD', 'CCPP', 'CCDI', 'NSEGM', 'ID_PROD', 'UA'] dup_keys=86947 crop_id=P234_COD dup_keys_crop=1
Profile 08_CAP300AB.csv | rows=38733 cols=111 keys=['ANIO', 'CCDD', 'CCPP', 'CCDI', 'NSEGM', 'ID_PROD', 'UA'] dup_keys=0 crop_id= dup_keys_crop=None
Profile 09_CAP400A.csv | rows=99919 cols=37 keys=['ANIO', 'CCDD', 'CCPP', 'CCDI', 'NSEGM', 'ID_PROD', 'UA'] dup_keys=60805 crop_id= dup_keys_crop=None
Profile 10_CAP400A_1.csv | rows=93441 cols=81 keys=['ANIO', 'CCDD', 'CCPP', 'CCDI', 'NSEGM', 'ID_PROD', 'UA'] dup_keys=54322 crop_id= dup_keys_crop=None
Profile 10_CAP400A_2.csv | rows=63694 cols=49 keys=['ANIO', 'CCDD', 'CCPP', 'CCDI', 'NSEGM', 'ID_PROD', 'UA'] dup_keys=36085 crop_id= dup_keys_crop=None
Profile 10_CAP400A_3.csv | rows=705 cols=28 keys=['ANIO', 'NSEGM', 'ID_PROD', 'UA'] dup_keys=136 crop_id= dup_keys_crop=None
Profile 11_CAP400B.csv | rows=32414 cols=46 keys=['ANIO', 'CCDD', 'CCPP', 'CCDI', 'NSEGM', 'ID_PROD', 'UA'] dup_keys=6701 crop_id= dup_keys_crop=None
Profile 12_CAP400C.csv | rows=7179 cols=37 keys=['ANIO', 'CCDD', 'CCPP', 'CCDI', 'NSEGM', 'ID_PROD', 'UA'] dup_keys=527 crop_id=P419_COD dup_keys_crop=5
Profile 13_CAP500AB.csv | rows=27625 cols=111 keys=['ANIO', 'CCDD', 'CCPP', 'CCDI', 'NSEGM', 'ID_PROD', 'UA'] dup_keys=0 crop_id= dup_keys_crop=None
Profile 14_CAP600.csv | rows=39112 cols=61 keys=['ANIO', 'CCDD', 'CCPP', 'CCDI', 'NSEGM', 'ID_PROD', 'UA'] dup_keys=0 crop_id= dup_keys_crop=None
Profile 15_CAP700.csv | rows=39112 cols=393 keys=['ANIO', 'CCDD', 'CCPP', 'CCDI', 'NSEGM', 'ID_PROD', 'UA'] dup_keys=0 crop_id= dup_keys_crop=None
Profile 16_CAP800.csv | rows=39112 cols=102 keys=['ANIO', 'CCDD', 'CCPP', 'CCDI', 'NSEGM', 'ID_PROD', 'UA'] dup_keys=0 crop_id= dup_keys_crop=None
Profile 17_CAP900.csv | rows=39112 cols=54 keys=['ANIO', 'CCDD', 'CCPP', 'CCDI', 'NSEGM', 'ID_PROD', 'UA'] dup_keys=0 crop_id= dup_keys_crop=None
Profile 18_CAP1000.csv | rows=39112 cols=69 keys=['ANIO', 'CCDD', 'CCPP', 'CCDI', 'NSEGM', 'ID_PROD', 'UA'] dup_keys=0 crop_id= dup_keys_crop=None
Profile 19_CAP1100.csv | rows=101707 cols=36 keys=['ANIO', 'CCDD', 'CCPP', 'CCDI', 'NSEGM', 'ID_PROD', 'UA'] dup_keys=64193 crop_id= dup_keys_crop=None
Profile 20_CAP1200A_IS.csv | rows=75993 cols=31 keys=['ANIO', 'CCDD', 'CCPP', 'CCDI', 'NSEGM', 'ID_PROD', 'UA'] dup_keys=48734 crop_id=P1202_COD dup_keys_crop=17909
Profile 21_CAP1200B_ME.csv | rows=49289 cols=25 keys=['ANIO', 'CCDD', 'CCPP', 'CCDI', 'NSEGM', 'ID_PROD', 'UA'] dup_keys=23089 crop_id=P1207_COD dup_keys_crop=9
Wrote module profile: /Users/gabrielsaco/Documents/GitHub/sfa_ciup/data/intermediate/module_profile.csv
CARATULA rows=40237 cols=17
CARATULA missing keys: {'ANIO': 0.0, 'CCDD': 0.04309466411511793, 'CCPP': 0.04309466411511793, 'CCDI': 0.04309466411511793, 'NSEGM': 0.0, 'ID_PROD': 0.0, 'UA': 0.0}
CARATULA duplicate keys (ANIO+CCDD+CCPP+CCDI+NSEGM+ID_PROD+UA): 0
Wrote /Users/gabrielsaco/Documents/GitHub/sfa_ciup/data/intermediate/ena2024_raw.parquet
Wrote /Users/gabrielsaco/Documents/GitHub/sfa_ciup/data/intermediate/ena2024_dictionary.csv
Wrote /Users/gabrielsaco/Documents/GitHub/sfa_ciup/docs/ENA2024_VARIABLE_DICTIONARY.md
Wrote /Users/gabrielsaco/Documents/GitHub/sfa_ciup/data/intermediate/variable_map.json
Wrote /Users/gabrielsaco/Documents/GitHub/sfa_ciup/data/intermediate/ena2024_schema.parquet
Rows: 165711 | Cols: 24
Missing key share: {'anio': 0.0, 'ccdd': 0.026443627761584928, 'ccpp': 0.026443627761584928, 'ccdi': 0.026443627761584928, 'psu': 0.0, 'id_prod': 0.0, 'ua': 0.0}
Wrote /Users/gabrielsaco/Documents/GitHub/sfa_ciup/data/processed/ena2024_features.parquet
Wrote /Users/gabrielsaco/Documents/GitHub/sfa_ciup/outputs/tables/01_diversification_descriptives.csv
Wrote /Users/gabrielsaco/Documents/GitHub/sfa_ciup/outputs/tables/01_diversification_descriptives.md
.                                                                        [100%]
1 passed in 0.22s
Wrote /Users/gabrielsaco/Documents/GitHub/sfa_ciup/data/processed/model_data_ena2024.parquet
Wrote /Users/gabrielsaco/Documents/GitHub/sfa_ciup/data/processed/model_data_ena2024.csv
Rows: 35187 | Cols: 39
Model variables: ['valor_total', 'area_total_ha', 'labor_total', 'input_costs', 'diversificacion_area', 'practice_any', 'weight', 'estrato', 'psu']
Missing share: {'valor_total': 0.09557507033847727, 'area_total_ha': 0.031602580498479554, 'labor_total': 0.0, 'input_costs': 0.0, 'diversificacion_area': 0.031602580498479554, 'practice_any': 5.683917355841646e-05, 'weight': 0.0, 'estrato': 0.031602580498479554, 'psu': 0.0}
Range checks: {'neg_valor_total': 0, 'neg_area_total_ha': 0, 'neg_input_costs': 0}
Warning message:
In sfa(formula = sfaFormula, data = data, ...) :
  the parameter 'gamma' is close to the boundary of the parameter space [0,1]: this can cause convergence problems and can negatively affect the validity and reliability of statistical tests and might be caused by model misspecification
Warning message:
In sfa(formula = sfaFormula, data = data, ...) :
  the parameter 'gamma' is close to the boundary of the parameter space [0,1]: this can cause convergence problems and can negatively affect the validity and reliability of statistical tests and might be caused by model misspecification
Warning message:
In sfa(formula = sfaFormula, data = data, ...) :
  the parameter 'gamma' is close to the boundary of the parameter space [0,1]: this can cause convergence problems and can negatively affect the validity and reliability of statistical tests and might be caused by model misspecification
Warning message:
In sfa(formula = sfaFormula, data = data, ...) :
  the parameter 'gamma' is close to the boundary of the parameter space [0,1]: this can cause convergence problems and can negatively affect the validity and reliability of statistical tests and might be caused by model misspecification
SFA outputs written to outputs/tables and data/processed.\nLogit outputs written to outputs/tables.\nWrote /Users/gabrielsaco/Documents/GitHub/sfa_ciup/outputs/tables/00_sample_overview.csv
Wrote /Users/gabrielsaco/Documents/GitHub/sfa_ciup/outputs/tables/99_variable_definitions_table.csv
Wrote /Users/gabrielsaco/Documents/GitHub/sfa_ciup/reports/reporte_final.md
Wrote /Users/gabrielsaco/Documents/GitHub/sfa_ciup/outputs/manifest.json
Pipeline finished at 2026-01-13T09:30:35-05:00
